// Jest Snapshot v1, https://goo.gl/fbAQLP

exports[`should match snapshot 1`] = `
<div
  className="body"
  data-testid="calc-1"
>
  <div
    className="container container-calc mt-5"
  >
    <div
      className="heading"
    >
      <h3>
        Let's do some Maths
      </h3>
    </div>
    <div
      className="col-6"
    >
      <div
        className="row"
      >
        <div
          className="col-12 screen-output"
        >
          0
        </div>
      </div>
      <div
        className="row"
      >
        <button
          className="col-3"
          onClick={[Function]}
          type="button"
        >
          AC
        </button>
        <button
          className="col-3"
          onClick={[Function]}
          type="button"
        >
          /
        </button>
        <button
          className="col-3"
          onClick={[Function]}
          type="button"
        >
          %
        </button>
        <button
          className="col-3"
          onClick={[Function]}
          type="button"
        >
          +
        </button>
      </div>
      <div
        className="row"
      >
        <button
          className="col-3"
          onClick={[Function]}
          type="button"
        >
          7
        </button>
        <button
          className="col-3"
          onClick={[Function]}
          type="button"
        >
          8
        </button>
        <button
          className="col-3"
          onClick={[Function]}
          type="button"
        >
          9
        </button>
        <button
          className="col-3"
          onClick={[Function]}
          type="button"
        >
          x
        </button>
      </div>
      <div
        className="row"
      >
        <button
          className="col-3"
          onClick={[Function]}
          type="button"
        >
          4
        </button>
        <button
          className="col-3"
          onClick={[Function]}
          type="button"
        >
          5
        </button>
        <button
          className="col-3"
          onClick={[Function]}
          type="button"
        >
          6
        </button>
        <button
          className="col-3"
          onClick={[Function]}
          type="button"
        >
          -
        </button>
      </div>
      <div
        className="row"
      >
        <button
          className="col-3"
          onClick={[Function]}
          type="button"
        >
          1
        </button>
        <button
          className="col-3"
          onClick={[Function]}
          type="button"
        >
          2
        </button>
        <button
          className="col-3"
          onClick={[Function]}
          type="button"
        >
          3
        </button>
        <button
          className="col-3"
          onClick={[Function]}
          type="button"
        >
          +
        </button>
      </div>
      <div
        className="row"
      >
        <button
          className="col-9"
          onClick={[Function]}
          type="button"
        >
          0
        </button>
        <button
          className="col-3"
          onClick={[Function]}
          type="button"
        >
          =
        </button>
      </div>
    </div>
  </div>
</div>
`;
